C51 COMPILER V9.60.7.0   T_WAVE                                                            04/27/2024 11:48:28 PAGE 1   


C51 COMPILER V9.60.7.0, COMPILATION OF MODULE T_WAVE
OBJECT MODULE PLACED IN .\Objects\t_wave.obj
COMPILER INVOKED BY: G:\C51\BIN\C51.EXE t_wave.c OPTIMIZE(8,SPEED) BROWSE DEBUG OBJECTEXTEND PRINT(.\Listings\t_wave.lst
                    -) TABS(2) OBJECT(.\Objects\t_wave.obj)

line level    source

   1          #include <REG51.H>
   2          sfr DAC_IN=0xA0;
   3           void delay(unsigned char n)
   4           {
   5   1         unsigned char i,j;
   6   1         for(i=0;i<n;i++)
   7   1         {
   8   2           for(j=0;j<1275;j++);
   9   2         }
  10   1       }
  11           
  12           int main()
  13           {
  14   1         unsigned char i;
  15   1         while(1)
  16   1         {
  17   2         
  18   2           for(i=0;i<255;i++)
  19   2           {
  20   3                 DAC_IN=i;
  21   3                delay(0);
  22   3            }
  23   2               for(;i>=1;i--)
  24   2           {
  25   3             DAC_IN=i;
  26   3             delay(0);
  27   3           }
  28   2         
  29   2          }
  30   1      
  31   1         return 0;
  32   1       }
*** WARNING C294 IN LINE 31 OF t_wave.c: unreachable code


MODULE INFORMATION:   STATIC OVERLAYABLE
   CODE SIZE        =     55    ----
   CONSTANT SIZE    =   ----    ----
   XDATA SIZE       =   ----    ----
   PDATA SIZE       =   ----    ----
   DATA SIZE        =   ----    ----
   IDATA SIZE       =   ----    ----
   BIT SIZE         =   ----    ----
END OF MODULE INFORMATION.


C51 COMPILATION COMPLETE.  1 WARNING(S),  0 ERROR(S)
