C51 COMPILER V9.60.7.0   EN5                                                               05/02/2024 10:49:02 PAGE 1   


C51 COMPILER V9.60.7.0, COMPILATION OF MODULE EN5
OBJECT MODULE PLACED IN .\Objects\EN5.obj
COMPILER INVOKED BY: G:\C51\BIN\C51.EXE EN5.c OPTIMIZE(8,SPEED) BROWSE DEBUG OBJECTEXTEND PRINT(.\Listings\EN5.lst) TABS
                    -(2) OBJECT(.\Objects\EN5.obj)

line level    source

   1          //EN5
   2          //BATCH
   3          //QUESTION
   4          //Generate square wave on port pin P1.0 using Timer0 (mode 2) Interrupt (ON time =
   5          //200us) and transmit your full name on serial port upon the occurrence of an External
   6          //Interrupt1. Give highest priority to External Interrupt 1.
   7          //EXPECTED Timer 0 Interrupt: - Toggle P1.0 – TASK1
   8          //External Interrupt1: - Transmit name – TASK2
   9          //200us=NOC*1.0852us
  10          //255-184
  11          //72
  12          
  13          #include <REG51.H>
  14          sbit SQR=P1^0;
  15          void t0_isr() interrupt 1
  16          {
  17   1          
  18   1        SQR=~SQR;
  19   1        TH0=0x48;
  20   1        
  21   1      }
  22          
  23          void ex1_isr() interrupt 2
  24          {
  25   1        unsigned char i;
  26   1         unsigned char name[]={"advita"};
  27   1         for(i=0;i<7;i++)
  28   1         { 
  29   2           SBUF = name[i];
  30   2           while(TI==0);
  31   2           TI=0;
  32   2         }
  33   1      
  34   1      }
  35          
  36          int main()
  37          {
  38   1         
  39   1         SCON=0x02;
  40   1         TMOD = 0x22;
  41   1         TH1=0xFD;
  42   1         IE= 0x86;
  43   1         TR0=1;
  44   1        TR1=1;
  45   1         while(1);
  46   1      
  47   1      } 


MODULE INFORMATION:   STATIC OVERLAYABLE
   CODE SIZE        =    117    ----
   CONSTANT SIZE    =      7    ----
   XDATA SIZE       =   ----    ----
   PDATA SIZE       =   ----    ----
C51 COMPILER V9.60.7.0   EN5                                                               05/02/2024 10:49:02 PAGE 2   

   DATA SIZE        =   ----       7
   IDATA SIZE       =   ----    ----
   BIT SIZE         =   ----    ----
END OF MODULE INFORMATION.


C51 COMPILATION COMPLETE.  0 WARNING(S),  0 ERROR(S)
